Er werden 54321 inwoners gevaccineerd in Park Spoor Oost.
Park Spoor Oost: 54321 gevaccineerd, nog 0 inwoners niet gevaccineerd
