Er werden 5500 inwoners gevaccineerd in Flanders Expo.
Er werden 5500 inwoners gevaccineerd in Flanders Expo.
Er werden 4000 inwoners gevaccineerd in Flanders Expo.
Flanders Expo: 15000 gevaccineerd, nog 0 inwoners niet gevaccineerd
