Hub (1446000 vaccins)
 -> AED Studios (0 vaccins)
 -> De Zoerla (0 vaccins)
 -> Flanders Expo (2000 vaccins)
 -> Park Spoor Oost (1000 vaccins)

AED Studios: 36000 gevaccineerd, nog 40935 inwoners niet gevaccineerd
De Zoerla: 0 gevaccineerd, nog 49451 inwoners niet gevaccineerd
Flanders Expo: 54000 gevaccineerd, nog 203029 inwoners niet gevaccineerd
Park Spoor Oost: 135000 gevaccineerd, nog 405173 inwoners niet gevaccineerd
